---
source: tests/insta.rs
expression: sol.map_ty(&ty).to_string()
input_file: tests/corpus/asserts.nix

---
({ lib = { elem = (any -> (any -> bool)); ... = any; }; ... = any; } -> { assertMsg = (bool -> (any -> any)); assertOneOf = (any -> (any -> (any -> any))); ... = âˆ…; })
